> Task :app:preBuild UP-TO-DATE
> Task :app:preDebugBuild UP-TO-DATE
> Task :app:mergeDebugNativeDebugMetadata NO-SOURCE
> Task :app:checkKotlinGradlePluginConfigurationErrors
> Task :core:data:preBuild UP-TO-DATE
> Task :core:data:preDebugBuild UP-TO-DATE
> Task :core:data:writeDebugAarMetadata UP-TO-DATE
> Task :core:domain:preBuild UP-TO-DATE
> Task :core:domain:preDebugBuild UP-TO-DATE
> Task :core:domain:writeDebugAarMetadata UP-TO-DATE
> Task :core:ui:preBuild UP-TO-DATE
> Task :core:ui:preDebugBuild UP-TO-DATE
> Task :core:ui:writeDebugAarMetadata UP-TO-DATE
> Task :feature:auth_identity:preBuild UP-TO-DATE
> Task :feature:auth_identity:preDebugBuild UP-TO-DATE
> Task :feature:auth_identity:writeDebugAarMetadata UP-TO-DATE
> Task :feature:chat_room:preBuild UP-TO-DATE
> Task :feature:chat_room:preDebugBuild UP-TO-DATE
> Task :feature:chat_room:writeDebugAarMetadata UP-TO-DATE
> Task :feature:media:preBuild UP-TO-DATE
> Task :feature:media:preDebugBuild UP-TO-DATE
> Task :feature:media:writeDebugAarMetadata UP-TO-DATE
> Task :feature:work:preBuild UP-TO-DATE
> Task :feature:work:preDebugBuild UP-TO-DATE
> Task :feature:work:writeDebugAarMetadata UP-TO-DATE
> Task :app:checkDebugAarMetadata UP-TO-DATE
> Task :app:generateDebugResValues UP-TO-DATE
> Task :core:data:generateDebugResValues UP-TO-DATE
> Task :core:data:generateDebugResources UP-TO-DATE
> Task :core:data:packageDebugResources UP-TO-DATE
> Task :core:domain:generateDebugResValues UP-TO-DATE
> Task :core:domain:generateDebugResources UP-TO-DATE
> Task :core:domain:packageDebugResources UP-TO-DATE
> Task :core:ui:generateDebugResValues UP-TO-DATE
> Task :core:ui:generateDebugResources UP-TO-DATE
> Task :core:ui:packageDebugResources UP-TO-DATE
> Task :feature:auth_identity:generateDebugResValues UP-TO-DATE
> Task :feature:auth_identity:generateDebugResources UP-TO-DATE
> Task :feature:auth_identity:packageDebugResources UP-TO-DATE
> Task :feature:chat_room:generateDebugResValues UP-TO-DATE
> Task :feature:chat_room:generateDebugResources UP-TO-DATE
> Task :feature:chat_room:packageDebugResources UP-TO-DATE
> Task :feature:media:generateDebugResValues UP-TO-DATE
> Task :feature:media:generateDebugResources UP-TO-DATE
> Task :feature:media:packageDebugResources UP-TO-DATE
> Task :feature:work:generateDebugResValues UP-TO-DATE
> Task :feature:work:generateDebugResources UP-TO-DATE
> Task :feature:work:packageDebugResources UP-TO-DATE
> Task :app:mapDebugSourceSetPaths
> Task :app:generateDebugResources UP-TO-DATE
> Task :app:packageDebugResources
> Task :app:createDebugCompatibleScreenManifests UP-TO-DATE
> Task :app:extractDeepLinksDebug
> Task :core:data:extractDeepLinksDebug UP-TO-DATE
> Task :core:data:processDebugManifest UP-TO-DATE
> Task :core:domain:extractDeepLinksDebug UP-TO-DATE
> Task :core:domain:processDebugManifest UP-TO-DATE
> Task :core:ui:extractDeepLinksDebug UP-TO-DATE
> Task :core:ui:processDebugManifest UP-TO-DATE
> Task :feature:auth_identity:extractDeepLinksDebug UP-TO-DATE
> Task :feature:auth_identity:processDebugManifest UP-TO-DATE
> Task :feature:chat_room:extractDeepLinksDebug UP-TO-DATE
> Task :feature:chat_room:processDebugManifest UP-TO-DATE
> Task :feature:media:extractDeepLinksDebug UP-TO-DATE
> Task :feature:media:processDebugManifest UP-TO-DATE
> Task :feature:work:extractDeepLinksDebug UP-TO-DATE
> Task :feature:work:processDebugManifest UP-TO-DATE
> Task :app:parseDebugLocalResources
> Task :app:mergeDebugResources
> Task :app:processDebugMainManifest
> Task :app:processDebugManifest
> Task :core:data:compileDebugLibraryResources UP-TO-DATE
> Task :core:data:parseDebugLocalResources UP-TO-DATE
> Task :core:data:generateDebugRFile UP-TO-DATE
> Task :core:domain:compileDebugLibraryResources UP-TO-DATE
> Task :core:domain:parseDebugLocalResources UP-TO-DATE
> Task :core:domain:generateDebugRFile UP-TO-DATE
> Task :core:ui:compileDebugLibraryResources UP-TO-DATE
> Task :core:ui:parseDebugLocalResources UP-TO-DATE
> Task :core:ui:generateDebugRFile UP-TO-DATE
> Task :feature:auth_identity:compileDebugLibraryResources UP-TO-DATE
> Task :feature:auth_identity:parseDebugLocalResources UP-TO-DATE
> Task :feature:auth_identity:generateDebugRFile UP-TO-DATE
> Task :feature:chat_room:compileDebugLibraryResources UP-TO-DATE
> Task :feature:chat_room:parseDebugLocalResources UP-TO-DATE
> Task :feature:chat_room:generateDebugRFile UP-TO-DATE
> Task :feature:media:compileDebugLibraryResources UP-TO-DATE
> Task :feature:media:parseDebugLocalResources UP-TO-DATE
> Task :feature:media:generateDebugRFile UP-TO-DATE
> Task :feature:work:compileDebugLibraryResources UP-TO-DATE
> Task :feature:work:parseDebugLocalResources UP-TO-DATE
> Task :feature:work:generateDebugRFile UP-TO-DATE
> Task :core:data:checkKotlinGradlePluginConfigurationErrors
> Task :core:domain:checkKotlinGradlePluginConfigurationErrors
> Task :core:domain:javaPreCompileDebug UP-TO-DATE
> Task :core:data:javaPreCompileDebug UP-TO-DATE
> Task :core:ui:checkKotlinGradlePluginConfigurationErrors
> Task :core:ui:javaPreCompileDebug UP-TO-DATE
> Task :feature:auth_identity:checkKotlinGradlePluginConfigurationErrors
> Task :feature:auth_identity:javaPreCompileDebug UP-TO-DATE
> Task :feature:chat_room:checkKotlinGradlePluginConfigurationErrors
> Task :feature:media:checkKotlinGradlePluginConfigurationErrors
> Task :feature:media:compileDebugKotlin NO-SOURCE
> Task :feature:media:javaPreCompileDebug UP-TO-DATE
> Task :feature:media:compileDebugJavaWithJavac NO-SOURCE
> Task :feature:media:bundleLibCompileToJarDebug UP-TO-DATE
> Task :feature:chat_room:javaPreCompileDebug UP-TO-DATE
> Task :feature:media:bundleLibRuntimeToJarDebug UP-TO-DATE
> Task :feature:work:checkKotlinGradlePluginConfigurationErrors
> Task :feature:work:javaPreCompileDebug UP-TO-DATE
> Task :app:javaPreCompileDebug UP-TO-DATE
> Task :app:mergeDebugShaders UP-TO-DATE
> Task :app:compileDebugShaders NO-SOURCE
> Task :app:generateDebugAssets UP-TO-DATE
> Task :core:data:mergeDebugShaders UP-TO-DATE
> Task :core:data:compileDebugShaders NO-SOURCE
> Task :core:data:generateDebugAssets UP-TO-DATE
> Task :core:data:packageDebugAssets UP-TO-DATE
> Task :core:domain:mergeDebugShaders UP-TO-DATE
> Task :core:domain:compileDebugShaders NO-SOURCE
> Task :core:domain:generateDebugAssets UP-TO-DATE
> Task :core:domain:packageDebugAssets UP-TO-DATE
> Task :core:ui:mergeDebugShaders UP-TO-DATE
> Task :core:ui:compileDebugShaders NO-SOURCE
> Task :core:ui:generateDebugAssets UP-TO-DATE
> Task :core:ui:packageDebugAssets UP-TO-DATE
> Task :feature:auth_identity:mergeDebugShaders UP-TO-DATE
> Task :feature:auth_identity:compileDebugShaders NO-SOURCE
> Task :feature:auth_identity:generateDebugAssets UP-TO-DATE
> Task :feature:auth_identity:packageDebugAssets UP-TO-DATE
> Task :feature:chat_room:mergeDebugShaders UP-TO-DATE
> Task :feature:chat_room:compileDebugShaders NO-SOURCE
> Task :feature:chat_room:generateDebugAssets UP-TO-DATE
> Task :feature:chat_room:packageDebugAssets UP-TO-DATE
> Task :feature:media:mergeDebugShaders UP-TO-DATE
> Task :feature:media:compileDebugShaders NO-SOURCE
> Task :feature:media:generateDebugAssets UP-TO-DATE
> Task :feature:media:packageDebugAssets UP-TO-DATE
> Task :feature:work:mergeDebugShaders UP-TO-DATE
> Task :feature:work:compileDebugShaders NO-SOURCE
> Task :feature:work:generateDebugAssets UP-TO-DATE
> Task :feature:work:packageDebugAssets UP-TO-DATE
> Task :app:mergeDebugAssets UP-TO-DATE
> Task :app:compressDebugAssets UP-TO-DATE
> Task :app:desugarDebugFileDependencies UP-TO-DATE
> Task :feature:media:processDebugJavaRes NO-SOURCE
> Task :app:checkDebugDuplicateClasses UP-TO-DATE
> Task :app:mergeExtDexDebug UP-TO-DATE
> Task :feature:media:bundleLibRuntimeToDirDebug UP-TO-DATE
> Task :app:mergeDebugJniLibFolders UP-TO-DATE
> Task :core:data:mergeDebugJniLibFolders UP-TO-DATE
> Task :core:data:mergeDebugNativeLibs NO-SOURCE
> Task :core:data:copyDebugJniLibsProjectOnly UP-TO-DATE
> Task :core:domain:mergeDebugJniLibFolders UP-TO-DATE
> Task :core:domain:mergeDebugNativeLibs NO-SOURCE
> Task :core:domain:copyDebugJniLibsProjectOnly UP-TO-DATE
> Task :core:ui:mergeDebugJniLibFolders UP-TO-DATE
> Task :core:ui:mergeDebugNativeLibs NO-SOURCE
> Task :core:ui:copyDebugJniLibsProjectOnly UP-TO-DATE
> Task :feature:auth_identity:mergeDebugJniLibFolders UP-TO-DATE
> Task :feature:auth_identity:mergeDebugNativeLibs NO-SOURCE
> Task :feature:auth_identity:copyDebugJniLibsProjectOnly UP-TO-DATE
> Task :feature:chat_room:mergeDebugJniLibFolders UP-TO-DATE
> Task :feature:chat_room:mergeDebugNativeLibs NO-SOURCE
> Task :feature:chat_room:copyDebugJniLibsProjectOnly UP-TO-DATE
> Task :feature:media:mergeDebugJniLibFolders UP-TO-DATE
> Task :feature:media:mergeDebugNativeLibs NO-SOURCE
> Task :feature:media:copyDebugJniLibsProjectOnly UP-TO-DATE
> Task :feature:work:mergeDebugJniLibFolders UP-TO-DATE
> Task :feature:work:mergeDebugNativeLibs NO-SOURCE
> Task :feature:work:copyDebugJniLibsProjectOnly UP-TO-DATE
> Task :app:mergeDebugNativeLibs NO-SOURCE
> Task :app:stripDebugDebugSymbols NO-SOURCE
> Task :app:validateSigningDebug UP-TO-DATE
> Task :app:writeDebugAppMetadata UP-TO-DATE
> Task :app:writeDebugSigningConfigVersions UP-TO-DATE
> Task :core:data:stripDebugDebugSymbols NO-SOURCE
> Task :app:processDebugManifestForPackage
> Task :core:data:copyDebugJniLibsProjectAndLocalJars
> Task :core:data:extractDeepLinksForAarDebug
> Task :core:data:prepareDebugArtProfile
> Task :core:data:prepareLintJarForPublish
> Task :core:domain:stripDebugDebugSymbols NO-SOURCE
> Task :core:domain:copyDebugJniLibsProjectAndLocalJars
> Task :core:domain:extractDeepLinksForAarDebug
> Task :core:domain:prepareDebugArtProfile
> Task :core:domain:prepareLintJarForPublish
> Task :core:ui:stripDebugDebugSymbols NO-SOURCE
> Task :core:ui:copyDebugJniLibsProjectAndLocalJars
> Task :core:ui:extractDeepLinksForAarDebug
> Task :core:ui:prepareDebugArtProfile
> Task :core:ui:prepareLintJarForPublish
> Task :feature:auth_identity:stripDebugDebugSymbols NO-SOURCE
> Task :feature:auth_identity:copyDebugJniLibsProjectAndLocalJars
> Task :feature:auth_identity:extractDeepLinksForAarDebug
> Task :feature:auth_identity:prepareDebugArtProfile
> Task :feature:auth_identity:prepareLintJarForPublish
> Task :feature:chat_room:stripDebugDebugSymbols NO-SOURCE
> Task :feature:chat_room:copyDebugJniLibsProjectAndLocalJars
> Task :feature:chat_room:extractDeepLinksForAarDebug
> Task :feature:chat_room:prepareDebugArtProfile
> Task :feature:chat_room:prepareLintJarForPublish
> Task :feature:media:stripDebugDebugSymbols NO-SOURCE
> Task :feature:media:copyDebugJniLibsProjectAndLocalJars
> Task :app:processDebugResources FAILED
> Task :core:ui:compileDebugKotlin
> Task :core:domain:compileDebugKotlin
> Task :feature:media:extractDebugAnnotations

[Incubating] Problems report is available at: file:///C:/Users/Abdelrahman/Downloads/Android/Chat-App/build/reports/problems/problems-report.html
.\gradlew.bat : 
At line:1 char:1
+ .\gradlew.bat assembleDebug > build_output.txt 2>&1
+ ~~~~~~~~~~~~~~~~~~~~~~~~~~~~~~~~~~~~~~~~~~~~~~~~~~~
    + CategoryInfo          : NotSpecified: (:String) [],  
   RemoteException
    + FullyQualifiedErrorId : NativeCommandError
 
FAILURE: Build failed with an exception.

* What went wrong:
Execution failed for task ':app:processDebugResources'.
> A failure occurred while executing com.android.build.grad
le.internal.res.LinkApplicationAndroidResourcesTask$TaskAct
ion
   > Android resource linking failed
     ERROR: C:\Users\Abdelrahman\Downloads\Android\Chat-App
\app\src\main\AndroidManifest.xml:10:5-27:19: AAPT: error: 
resource mipmap/ic_launcher (aka 
com.example.chatapp:mipmap/ic_launcher) not found.
         
     ERROR: C:\Users\Abdelrahman\Downloads\Android\Chat-App
\app\src\main\AndroidManifest.xml:10:5-27:19: AAPT: error: 
resource mipmap/ic_launcher_round (aka 
com.example.chatapp:mipmap/ic_launcher_round) not found.
         

* Try:
> Run with --stacktrace option to get the stack trace.
> Run with --info or --debug option to get more log output.
> Run with --scan to get full insights.
> Get more help at https://help.gradle.org.

Deprecated Gradle features were used in this build, making it incompatible with Gradle 9.0.

You can use '--warning-mode all' to show the individual deprecation warnings and determine if they come from your own scripts or plugins.

For more on this, please refer to https://docs.gradle.org/8.13/userguide/command_line_interface.html#sec:command_line_warnings in the Gradle documentation.

BUILD FAILED in 1m 22s
149 actionable tasks: 41 executed, 108 up-to-date
